([30m[15][0m([31m[12][0m([30m[10][0m()([31m[11][0m()()))([30m[13][0m()([31m[14][0m()())))([30m[20][0m()([31m[30][0m()())))
