([30m[10][0m([30m[5][0m([30m[2][0m([31m[1][0m()())([31m[4][0m()()))([30m[9][0m([31m[8][0m()())()))([30m[20][0m([30m[15][0m()([31m[18][0m()()))([31m[30][0m([30m[22][0m()([31m[25][0m()()))([30m[40][0m([31m[35][0m()())()))))
