([30m[15][0m([30m[8][0m([30m[7][0m([31m[1][0m()())())([30m[11][0m([31m[9][0m()())([31m[14][0m()())))([30m[25][0m([30m[20][0m([31m[19][0m()())([31m[24][0m()()))([31m[40][0m([30m[33][0m([31m[30][0m()())([31m[38][0m()()))([30m[43][0m()()))))
