(10 [0](8 [-1](6 [1]()(7 [0]()()))(9 [0]()()))(16 [1](15 [0]()())(20 [0](17 [0]()())(100 [0]()()))))
(10 [0](7 [0](6 [0]()())(9 [0]()()))(20 [0](16 [0]()())(100 [0]()())))
