(26 [-1](15 [-1](9 [1](7 [0]()())(10 [1]()(12 [0]()())))(20 [-1](18 [0]()())()))(30 [1](28 [0]()())(40 [1]()(50 [0]()()))))
(15 [0](9 [1](7 [0]()())(10 [1]()(12 [0]()())))(40 [-1](20 [1]()(30 [0]()()))(50 [0]()())))
(15 [0](9 [1](7 [0]()())(10 [1]()(12 [0]()())))(40 [-1](20 [0](17 [0]()())(30 [0]()()))(50 [0]()())))
(15 [0](9 [1](7 [0]()())(10 [1]()(12 [0]()())))(20 [1](17 [0]()())(40 [-1](30 [0]()())())))
