(-94 [0](-506 [0](-727 [-1](-880 [0](-937 [0](-968 [1](-983 [0](-990 [-1](-991 [-1](-994 [0]()())())(-987 [0]()()))(-971 [0](-983 [1]()(-972 [0]()()))(-969 [-1](-970 [0]()())())))(-947 [-1](-955 [-1](-963 [1](-966 [0]()())(-962 [1]()(-960 [0]()())))(-953 [0](-954 [0]()())(-952 [0]()())))(-940 [0](-941 [0](-943 [0]()())(-940 [0]()()))(-939 [1]()(-938 [0]()())))))(-916 [1](-925 [-1](-930 [-1](-932 [0](-933 [0]()())(-932 [0]()()))(-928 [0]()()))(-920 [1]()(-920 [0]()())))(-907 [1](-909 [0](-911 [0](-911 [0]()())(-910 [0]()()))(-908 [1]()(-907 [0]()())))(-890 [-1](-894 [0](-906 [1]()(-902 [0]()()))(-892 [1]()(-892 [0]()())))(-889 [1]()(-886 [0]()()))))))(-787 [0](-826 [0](-861 [0](-870 [-1](-874 [-1](-877 [1]()(-875 [0]()()))(-872 [0]()()))(-865 [0](-868 [0]()())(-862 [0]()())))(-837 [0](-855 [1](-856 [0]()())(-842 [1]()(-839 [0]()())))(-836 [0](-836 [0](-837 [0]()())(-836 [0]()()))(-830 [-1](-831 [0]()())()))))(-815 [1](-819 [0](-820 [-1](-823 [0]()())())(-816 [0](-817 [0]()())(-815 [0]()())))(-806 [1](-811 [0](-812 [0]()())(-809 [0]()()))(-796 [1](-806 [0]()())(-794 [0](-795 [0]()())(-791 [0]()()))))))(-758 [-1](-776 [0](-780 [0](-785 [1](-786 [0]()())(-783 [1]()(-781 [0]()())))(-778 [-1](-780 [1]()(-780 [0]()()))(-777 [0]()())))(-767 [1](-772 [-1](-773 [0]()())())(-762 [1](-767 [0]()())(-762 [1]()(-761 [0]()())))))(-749 [0](-754 [0](-758 [0](-758 [0]()())(-756 [0]()()))(-752 [0](-753 [0]()())(-750 [0]()())))(-740 [0](-744 [0](-746 [0]()())(-743 [0]()()))(-736 [1]()(-735 [0]()())))))))(-610 [0](-654 [0](-692 [0](-713 [0](-718 [0](-720 [-1](-727 [0]()())())(-716 [0](-717 [0]()())(-714 [0]()())))(-709 [0](-711 [1]()(-710 [0]()()))(-702 [0](-705 [0]()())(-695 [0]()()))))(-666 [0](-677 [0](-680 [0](-691 [0]()())(-680 [0]()()))(-676 [0](-676 [0]()())(-669 [0]()())))(-661 [-1](-664 [-1](-666 [0]()())())(-656 [0]()()))))(-643 [1](-648 [0](-651 [0](-653 [0]()())(-649 [0]()()))(-646 [1]()(-644 [0]()())))(-629 [-1](-637 [1](-643 [0]()())(-634 [1]()(-634 [0]()())))(-626 [1]()(-623 [0]()())))))(-528 [-1](-556 [-1](-565 [1](-598 [0](-608 [0]()())(-569 [0]()()))(-560 [1](-564 [0]()())(-558 [-1](-560 [0]()())())))(-538 [0](-551 [0](-553 [0]()())(-545 [0]()()))(-533 [0](-538 [0]()())(-532 [0]()()))))(-518 [1](-524 [1]()(-523 [0]()()))(-510 [0](-511 [1]()(-511 [0]()()))(-508 [1]()(-507 [0]()())))))))(-273 [-1](-393 [1](-471 [0](-487 [-1](-497 [1](-504 [1]()(-504 [0]()()))(-492 [1](-497 [0]()())(-488 [-1](-489 [0]()())())))(-476 [0](-484 [0](-486 [0]()())(-484 [0]()()))(-472 [0](-474 [0]()())(-472 [0]()()))))(-448 [0](-455 [0](-459 [0](-465 [0](-467 [0]()())(-461 [0]()()))(-459 [1]()(-456 [0]()())))(-453 [0](-455 [1]()(-454 [0]()()))(-452 [0](-452 [0]()())(-449 [0]()()))))(-412 [0](-424 [0](-430 [-1](-445 [0]()())())(-419 [0](-421 [0]()())(-418 [0]()())))(-407 [0](-409 [0](-409 [0]()())(-409 [0]()()))(-399 [0](-400 [0]()())(-396 [0]()()))))))(-359 [1](-379 [0](-387 [-1](-390 [1](-393 [0]()())(-389 [1]()(-389 [0]()())))(-381 [0](-387 [0]()())(-381 [0]()())))(-372 [1](-377 [1]()(-373 [0]()()))(-362 [-1](-364 [-1](-368 [0]()())())(-360 [0]()()))))(-315 [0](-334 [-1](-343 [0](-350 [-1](-353 [0](-359 [0]()())(-350 [0]()()))(-344 [0]()()))(-340 [0](-343 [1]()(-341 [0]()()))(-339 [1]()(-335 [0]()()))))(-324 [1](-328 [0]()())(-319 [-1](-324 [0]()())())))(-306 [1](-314 [-1](-315 [1]()(-315 [0]()()))(-307 [0]()()))(-286 [-1](-294 [0](-295 [-1](-303 [0]()())())(-289 [-1](-291 [0]()())()))(-285 [0](-285 [0]()())(-282 [0]()())))))))(-172 [0](-216 [0](-250 [0](-255 [-1](-271 [0](-272 [1]()(-272 [0]()()))(-270 [1]()(-269 [0]()())))(-253 [1]()(-253 [0]()())))(-236 [0](-241 [-1](-244 [0](-248 [0]()())(-244 [0]()()))(-240 [0]()()))(-227 [0](-234 [0](-236 [0]()())(-228 [0]()()))(-223 [0](-226 [0]()())(-219 [0]()())))))(-194 [-1](-205 [-1](-207 [0](-213 [0](-213 [0]()())(-208 [0]()()))(-207 [0](-207 [0]()())(-207 [0]()())))(-203 [0](-205 [0]()())(-198 [0]()())))(-189 [0](-193 [1]()(-190 [0]()()))(-180 [0](-188 [0]()())(-174 [0]()())))))(-135 [0](-150 [-1](-163 [1](-168 [0](-168 [0]()())(-167 [0]()()))(-153 [-1](-159 [1]()(-159 [0]()()))(-152 [0]()())))(-142 [0](-149 [1]()(-147 [0]()()))(-137 [-1](-138 [0]()())())))(-113 [0](-128 [0](-131 [-1](-134 [0](-135 [0]()())(-132 [0]()()))(-129 [0]()()))(-120 [-1](-122 [0](-122 [0]()())(-121 [0]()()))(-119 [0]()())))(-107 [-1](-112 [1](-113 [0]()())(-110 [1]()(-110 [0]()())))(-107 [0](-107 [0]()())(-98 [0]()()))))))))(603 [0](289 [0](135 [0](27 [0](-47 [0](-73 [1](-83 [0](-86 [0](-94 [0]()())(-84 [0]()()))(-81 [-1](-82 [0]()())()))(-62 [-1](-67 [-1](-69 [1]()(-68 [0]()()))(-66 [0]()()))(-56 [0](-60 [0]()())(-53 [0]()()))))(-5 [0](-25 [0](-35 [-1](-47 [1]()(-38 [0]()()))(-33 [0]()()))(-15 [0](-22 [-1](-24 [0]()())())(-7 [-1](-10 [0]()())())))(16 [0](2 [0](1 [-1](0 [0]()())())(3 [1]()(15 [0]()())))(23 [0](21 [-1](16 [0]()())())(24 [1]()(25 [0]()()))))))(81 [0](50 [0](46 [0](27 [1](27 [0]()())(39 [0](30 [0]()())(40 [0]()())))(49 [-1](46 [1]()(47 [0]()()))(50 [0]()())))(61 [0](52 [0](52 [-1](51 [0]()())())(58 [-1](56 [0]()())()))(68 [-1](61 [1]()(62 [0]()()))(78 [0]()()))))(112 [0](108 [0](94 [0](87 [0](81 [0]()())(87 [0]()()))(95 [0](94 [0]()())(98 [0]()())))(109 [1](108 [0]()())(111 [1]()(111 [0]()()))))(131 [0](123 [0](115 [0](112 [0]()())(117 [0]()()))(128 [0](124 [0]()())(129 [0]()())))(132 [1](132 [0]()())(134 [0](133 [0]()())(134 [0]()())))))))(191 [1](161 [0](148 [-1](139 [1](138 [0]()())(141 [0](141 [0]()())(145 [0]()())))(157 [1]()(159 [0]()())))(177 [0](174 [-1](163 [0](162 [0]()())(174 [0]()()))(176 [0]()()))(187 [0](183 [0](181 [0]()())(186 [0]()()))(187 [1]()(190 [0]()())))))(239 [0](214 [0](200 [0](194 [1](194 [0]()())(196 [-1](194 [0]()())()))(201 [1](200 [0]()())(212 [-1](203 [0]()())())))(223 [1](217 [0](215 [0]()())(218 [0]()()))(234 [0](234 [-1](232 [0]()())())(237 [0](236 [0]()())(238 [0]()())))))(271 [0](253 [0](245 [-1](240 [1]()(241 [0]()()))(251 [0]()()))(259 [1](256 [0]()())(260 [1]()(262 [0]()()))))(277 [1](273 [1]()(274 [0]()()))(281 [1](280 [0]()())(285 [1]()(286 [0]()()))))))))(470 [-1](363 [0](339 [0](305 [0](293 [1](290 [1]()(291 [0]()()))(293 [1](293 [0]()())(294 [1]()(296 [0]()()))))(321 [0](320 [-1](315 [-1](309 [0]()())())(320 [0]()()))(328 [0](327 [0](324 [0]()())(327 [0]()()))(333 [0](331 [0]()())(334 [0]()())))))(359 [-1](352 [-1](345 [-1](342 [1]()(344 [0]()()))(346 [0]()()))(358 [-1](357 [0]()())()))(361 [0](360 [0](359 [0]()())(360 [0]()()))(362 [-1](361 [0]()())()))))(432 [0](413 [-1](377 [0](366 [-1](363 [1]()(364 [0]()()))(375 [0]()()))(399 [0](382 [1]()(394 [0]()()))(411 [0](410 [0]()())(411 [0]()()))))(423 [-1](414 [0](414 [0]()())(416 [0]()()))(426 [0]()())))(453 [0](441 [-1](438 [-1](434 [1]()(435 [0]()()))(440 [0]()()))(448 [1]()(451 [0]()())))(459 [1](458 [-1](454 [0]()())())(466 [-1](460 [1]()(462 [0]()()))(468 [0]()()))))))(521 [0](496 [1](492 [0](476 [0](476 [0]()())(486 [0]()()))(494 [-1](493 [0]()())()))(518 [-1](505 [0](502 [-1](499 [0]()())())(511 [0](505 [0]()())(515 [0]()())))(521 [-1](520 [0]()())())))(547 [0](532 [-1](528 [1](525 [0]()())(528 [0](528 [0]()())(529 [0]()())))(536 [0](532 [0]()())(543 [0]()())))(569 [0](556 [0](552 [0](549 [0]()())(555 [0]()()))(565 [0](557 [0]()())(566 [0]()())))(588 [0](581 [0](581 [0]()())(585 [0]()()))(590 [1]()(591 [0]()()))))))))(806 [0](729 [-1](693 [-1](626 [1](618 [-1](613 [1](604 [0]()())(613 [0](613 [0]()())(614 [0]()())))(625 [0](624 [0]()())(625 [0]()())))(655 [0](639 [0](631 [0](630 [-1](629 [0]()())())(632 [1]()(636 [0]()())))(649 [-1](640 [1]()(640 [0]()()))(651 [0]()())))(667 [0](662 [1](661 [0]()())(663 [1]()(666 [0]()())))(685 [-1](678 [0](673 [0]()())(678 [0]()()))(688 [0]()())))))(712 [0](703 [-1](700 [0](696 [1]()(697 [0]()()))(701 [-1](700 [0]()())()))(708 [0](704 [0]()())(709 [0]()())))(724 [0](718 [1](715 [0]()())(723 [-1](721 [0]()())()))(726 [1](724 [0]()())(726 [1]()(728 [0]()()))))))(765 [0](744 [0](732 [0](730 [1](730 [0]()())(731 [0](730 [0]()())(731 [0]()())))(736 [1](735 [0]()())(739 [0](736 [0]()())(742 [0]()()))))(759 [0](754 [0](748 [1]()(750 [0]()()))(755 [1]()(757 [0]()())))(762 [1](761 [0]()())(763 [-1](762 [0]()())()))))(782 [0](776 [1](768 [0](768 [0]()())(775 [0]()()))(779 [1](779 [0]()())(780 [-1](779 [0]()())())))(801 [-1](793 [-1](782 [1]()(786 [0]()()))(801 [0]()()))(802 [0](801 [0]()())(804 [0]()()))))))(867 [1](826 [1](815 [0](810 [0](807 [0](807 [0]()())(808 [0]()()))(813 [0](813 [0]()())(814 [0]()())))(820 [-1](817 [1]()(818 [0]()()))(822 [0]()())))(844 [0](832 [1](829 [0](828 [0]()())(830 [0]()()))(838 [0](836 [0](833 [0]()())(837 [0]()()))(840 [1]()(841 [0]()()))))(850 [1](848 [0](844 [0]()())(850 [0]()()))(855 [1](850 [0]()())(863 [0](858 [0]()())(865 [0]()()))))))(953 [-1](899 [0](882 [-1](873 [1](872 [-1](870 [0]()())())(879 [-1](878 [-1](873 [0]()())())(879 [0]()())))(889 [0](883 [-1](882 [0]()())())(891 [0](889 [0]()())(893 [0]()()))))(906 [1](901 [-1](899 [1]()(900 [0]()()))(905 [0]()()))(921 [1](910 [0](906 [0]()())(914 [0]()()))(939 [0](930 [-1](927 [0]()())())(943 [1]()(946 [0]()()))))))(965 [0](961 [-1](959 [-1](955 [1]()(955 [0]()()))(961 [0]()()))(964 [-1](962 [0]()())()))(986 [0](974 [-1](971 [0](970 [0]()())(971 [0]()()))(977 [0]()()))(993 [0](987 [1]()(992 [0]()()))(995 [1]()(1000 [0]()()))))))))))
(-94 [1](-506 [0](-740 [-1](-880 [0](-939 [0](-955 [-1](-968 [-1](-983 [-1](-991 [1]()(-983 [0]()()))(-970 [0]()()))(-963 [1]()(-960 [0]()())))(-941 [0](-952 [0](-954 [0]()())(-943 [0]()()))(-940 [-1](-940 [0]()())())))(-916 [-1](-925 [-1](-930 [-1](-932 [0](-933 [0]()())(-932 [0]()()))(-928 [0]()()))(-920 [1]()(-920 [0]()())))(-907 [0](-909 [0](-911 [0]()())(-907 [0]()()))(-892 [1]()(-889 [0]()())))))(-787 [0](-836 [1](-861 [0](-872 [0](-874 [0]()())(-865 [0]()()))(-855 [0](-856 [0]()())(-837 [0]()())))(-815 [1](-819 [1]()(-816 [0]()()))(-809 [0](-811 [-1](-812 [0]()())())(-796 [0](-806 [0]()())(-795 [0]()())))))(-758 [-1](-776 [0](-783 [0](-785 [-1](-786 [0]()())())(-780 [0](-780 [0]()())(-777 [0]()())))(-767 [-1](-773 [1]()(-767 [0]()()))(-762 [0]()())))(-749 [0](-758 [0](-758 [0]()())(-750 [0]()()))(-743 [-1](-744 [0]()())())))))(-623 [0](-654 [0](-692 [0](-713 [0](-718 [1]()(-714 [0]()()))(-705 [-1](-709 [0]()())()))(-676 [0](-680 [1]()(-676 [0]()()))(-666 [0](-669 [0]()())(-666 [0]()()))))(-644 [1](-651 [0](-653 [0]()())(-646 [0]()()))(-634 [0](-637 [-1](-643 [0]()())())(-629 [-1](-634 [0]()())()))))(-528 [-1](-565 [1](-569 [-1](-608 [0]()())())(-551 [1](-553 [0]()())(-533 [-1](-538 [0]()())())))(-523 [1](-524 [0]()())(-511 [-1](-511 [0]()())())))))(-282 [0](-396 [0](-471 [1](-487 [0](-504 [1](-504 [0]()())(-497 [1]()(-489 [0]()())))(-472 [-1](-484 [1]()(-474 [0]()()))(-472 [0]()())))(-449 [0](-455 [1](-461 [0](-465 [0]()())(-459 [0]()()))(-454 [1](-455 [0]()())(-452 [-1](-452 [0]()())())))(-412 [0](-424 [0](-430 [-1](-445 [0]()())())(-419 [0](-421 [0]()())(-418 [0]()())))(-409 [-1](-409 [1]()(-409 [0]()()))(-399 [0]()())))))(-359 [1](-379 [0](-389 [1](-389 [0]()())(-387 [1]()(-381 [0]()())))(-364 [0](-372 [0](-373 [0]()())(-368 [0]()()))(-362 [1]()(-360 [0]()()))))(-315 [0](-340 [0](-343 [0](-350 [0](-359 [0]()())(-344 [0]()()))(-343 [1]()(-341 [0]()())))(-334 [1](-335 [0]()())(-324 [0](-324 [0]()())(-319 [0]()()))))(-306 [1](-315 [0](-315 [0]()())(-307 [0]()()))(-286 [1](-295 [0]()())(-285 [-1](-285 [0]()())()))))))(-172 [-1](-219 [-1](-250 [0](-271 [1](-272 [1]()(-272 [0]()()))(-255 [-1](-270 [1]()(-269 [0]()()))(-253 [0]()())))(-236 [0](-244 [-1](-248 [1]()(-244 [0]()()))(-240 [0]()()))(-228 [-1](-234 [-1](-236 [0]()())())(-223 [0]()()))))(-194 [0](-207 [0](-213 [0](-213 [0]()())(-207 [0]()()))(-207 [0](-207 [0]()())(-205 [0]()())))(-189 [-1](-193 [1]()(-190 [0]()()))(-180 [0]()()))))(-135 [0](-150 [0](-163 [-1](-168 [1]()(-167 [0]()()))(-159 [0]()()))(-142 [1](-149 [0]()())(-137 [-1](-138 [0]()())())))(-122 [0](-132 [0](-134 [-1](-135 [0]()())())(-128 [0](-129 [0]()())(-122 [0]()())))(-110 [0](-112 [0](-113 [0]()())(-110 [0]()()))(-107 [0](-107 [0]()())(-98 [0]()()))))))))(603 [-1](289 [0](135 [-1](23 [1](-47 [-1](-73 [-1](-84 [-1](-86 [-1](-94 [0]()())())(-82 [0]()()))(-67 [0](-69 [0]()())(-60 [0]()())))(-5 [0](-38 [0](-47 [0]()())(-15 [0]()()))(1 [0](0 [0]()())(16 [0]()()))))(78 [0](50 [1](46 [0](27 [1]()(30 [0]()()))(49 [-1](46 [0]()())()))(58 [-1](52 [-1](52 [-1](51 [0]()())())(56 [0]()()))(62 [0](61 [0]()())(68 [0]()()))))(111 [0](108 [-1](87 [0](81 [1]()(87 [0]()()))(95 [0](94 [0]()())(98 [0]()())))(108 [1]()(111 [0]()())))(129 [-1](123 [-1](112 [1]()(117 [0]()()))(128 [0]()()))(132 [-1](132 [0]()())())))))(187 [0](148 [1](141 [-1](139 [0](138 [0]()())(141 [0]()()))(145 [0]()()))(177 [-1](163 [1](162 [0]()())(174 [-1](174 [0]()())()))(186 [0](183 [0]()())(187 [0]()()))))(236 [0](214 [0](200 [0](194 [0](194 [0]()())(196 [0]()()))(201 [0](200 [0]()())(212 [0]()())))(223 [1](217 [0]()())(234 [-1](234 [0]()())())))(271 [0](253 [0](245 [-1](240 [0]()())())(256 [1]()(262 [0]()())))(277 [0](273 [1]()(274 [0]()()))(285 [0](280 [0]()())(286 [0]()())))))))(470 [-1](363 [-1](334 [-1](305 [-1](293 [1](290 [1]()(291 [0]()()))(293 [1](293 [0]()())(294 [1]()(296 [0]()()))))(321 [-1](309 [1]()(320 [0]()()))(324 [0]()())))(359 [-1](345 [1](342 [0]()())(358 [-1](357 [0]()())()))(360 [0](359 [0]()())(360 [0]()()))))(423 [0](411 [-1](366 [1](363 [0]()())(399 [1]()(411 [0]()())))(414 [-1](414 [0]()())()))(453 [0](438 [-1](435 [-1](434 [0]()())())(448 [0]()()))(458 [1](454 [0]()())(466 [1]()(468 [0]()()))))))(521 [1](493 [0](476 [1](476 [0]()())(492 [-1](486 [0]()())()))(511 [0](502 [0](499 [0]()())(505 [0]()()))(515 [1]()(521 [0]()()))))(547 [1](532 [0](528 [0](525 [0]()())(528 [0]()()))(536 [0](532 [0]()())(543 [0]()())))(585 [-1](566 [1](555 [0]()())(581 [-1](581 [0]()())()))(590 [1]()(591 [0]()())))))))(806 [0](726 [0](678 [0](626 [1](618 [0](613 [1]()(613 [0]()()))(625 [0](624 [0]()())(625 [0]()())))(655 [0](639 [0](629 [1]()(636 [0]()()))(649 [0](640 [0]()())(651 [0]()())))(663 [1](661 [0]()())(667 [0](666 [0]()())(673 [0]()())))))(712 [-1](703 [-1](700 [1](697 [0]()())(701 [-1](700 [0]()())()))(704 [1]()(709 [0]()())))(724 [-1](721 [0](718 [0]()())(723 [0]()()))(724 [0]()()))))(765 [0](739 [0](732 [-1](730 [1](730 [0]()())(730 [1]()(731 [0]()())))(736 [-1](735 [0]()())()))(759 [-1](754 [0](748 [1]()(750 [0]()()))(755 [1]()(757 [0]()())))(762 [0](761 [0]()())(763 [0]()()))))(782 [1](776 [0](768 [0](768 [0]()())(775 [0]()()))(779 [0](779 [0]()())(779 [0]()())))(801 [-1](793 [-1](782 [1]()(786 [0]()()))(801 [0]()()))(802 [0](801 [0]()())(804 [0]()()))))))(865 [1](830 [1](818 [0](815 [0](813 [0]()())(817 [0]()()))(822 [0](820 [0]()())(828 [0]()())))(844 [1](838 [0](836 [0]()())(840 [0]()()))(855 [-1](850 [0](844 [0]()())(850 [0]()()))(858 [0]()()))))(943 [-1](899 [-1](882 [0](873 [1](873 [0]()())(879 [1]()(879 [0]()())))(889 [0](883 [-1](882 [0]()())())(891 [-1](889 [0]()())())))(906 [0](900 [-1](899 [0]()())())(910 [0](906 [0]()())(921 [0]()()))))(962 [0](959 [-1](955 [1]()(955 [0]()()))(961 [0]()()))(986 [0](971 [0](971 [0]()())(974 [0]()()))(995 [0](987 [0]()())(1000 [0]()())))))))))
