[20][5][3][2][14][11][8][18][33][22][27][31][35]
[2][3][5][8][11][14][18][20][22][27][31][33][35]
[2][3][8][11][18][14][5][31][27][22][35][33][20]
[35][33][31][27][22][20][18][14][11][8][5][3][2]
5
8
27
22
5
20
-1
-1
[20][5][14][18]
[20][33][22][27]
[20][5][14][11][8]

[18][2][14][11][33][22][31][35]
[2][11][14][18][22][31][33][35]
[11][14][2][31][22][35][33][18]
[35][33][31][22][18][14][11][2]
3
