[3][10][15][12][20][100][47][3000]
[3][10][12][15][20][47][100][3000]
[12][47][3000][100][20][15][10][3]
[3000][100][47][20][15][12][10][3]
2
-1
100
3000
47
[3][10][15][20][100][3000]
[3][10][15][12]

[10][15][12][20][47][3000]
[10][12][15][20][47][3000]
[12][3000][47][20][15][10]
[3000][47][20][15][12][10]
1
