[100][95][73][69][61][49][42][33][31][27][10]
[10][27][31][33][42][49][61][69][73][95][100]
[10][27][31][33][42][49][61][69][73][95][100]
[100][95][73][69][61][49][42][33][31][27][10]
3
-1
27
31
[100][95][73][69][61][49][42]
[100][95][73][69][61][49][42][33][31][27][10]
[10][31][33][42][49][61][69][73][95]
