[25][22][10][2][1][4][3][11][19][30][47][45][31][60][53][66][99][90]
[1][2][3][4][10][11][19][22][25][30][31][45][47][53][60][66][90][99]
[1][3][4][2][19][11][10][22][31][45][53][90][99][66][60][47][30][25]
[99][90][66][60][53][47][45][31][30][25][22][19][11][10][4][3][2][1]
7
99
66
45
19
4
30
-1
[25][30][47][45][31]
